// Jest Snapshot v1, https://goo.gl/fbAQLP

exports[`renders correctly 1`] = `
<View
  style={
    Object {
      "backgroundColor": "#840f1b",
      "flex": 1,
    }
  }
>
  <View
    style={
      Array [
        Object {
          "alignItems": "stretch",
          "bottom": 0,
          "left": 0,
          "position": "absolute",
          "right": 0,
          "top": 0,
        },
        Object {
          "backgroundColor": "#840f1b",
          "marginBottom": 0,
          "marginTop": 0,
        },
      ]
    }
  >
    <View
      pointerEvents="box-none"
      style={
        Array [
          Object {
            "bottom": 0,
            "left": 0,
            "position": "absolute",
            "right": 0,
            "top": 0,
          },
          Object {
            "zIndex": 1,
          },
        ]
      }
    />
    <View
      collapsable={undefined}
      onMoveShouldSetResponder={[Function]}
      onMoveShouldSetResponderCapture={[Function]}
      onResponderEnd={[Function]}
      onResponderGrant={[Function]}
      onResponderMove={[Function]}
      onResponderReject={[Function]}
      onResponderRelease={[Function]}
      onResponderStart={[Function]}
      onResponderTerminate={[Function]}
      onResponderTerminationRequest={[Function]}
      onStartShouldSetResponder={[Function]}
      onStartShouldSetResponderCapture={[Function]}
      style={
        Object {
          "flex": 1,
          "height": 1214,
          "left": 20,
          "opacity": 1,
          "position": "absolute",
          "top": 60,
          "transform": Array [
            Object {
              "translateX": 0,
            },
            Object {
              "translateY": 0,
            },
            Object {
              "rotate": "0deg",
            },
          ],
          "width": 710,
          "zIndex": 3,
        }
      }
    >
      <View
        style={
          Object {
            "backgroundColor": "white",
            "borderColor": "#E8E8E8",
            "borderRadius": 4,
            "borderWidth": 2,
            "flex": 1,
            "justifyContent": "center",
          }
        }
      >
        <View
          style={
            Object {
              "justifyContent": "center",
            }
          }
        >
          <Text
            accessible={true}
            allowFontScaling={true}
            ellipsizeMode="tail"
            style={
              Object {
                "fontSize": 20,
                "fontWeight": "bold",
                "textAlign": "center",
              }
            }
          >
            lorem
          </Text>
          <Text
            accessible={true}
            allowFontScaling={true}
            ellipsizeMode="tail"
          />
          <Text
            accessible={true}
            allowFontScaling={true}
            ellipsizeMode="tail"
            style={
              Object {
                "fontSize": 18,
                "textAlign": "center",
              }
            }
          >
            Repellendus quis
          </Text>
          <Text
            accessible={true}
            allowFontScaling={true}
            ellipsizeMode="tail"
            style={
              Object {
                "fontSize": 18,
                "textAlign": "center",
              }
            }
          >
            perferendis sed omnis.
          </Text>
          <Text
            accessible={true}
            allowFontScaling={true}
            ellipsizeMode="tail"
            style={
              Object {
                "fontSize": 18,
                "textAlign": "center",
              }
            }
          >
            Dolorum voluptatem est ut.
          </Text>
          <Text
            accessible={true}
            allowFontScaling={true}
            ellipsizeMode="tail"
            style={
              Object {
                "fontSize": 18,
                "textAlign": "center",
              }
            }
          >
            Incidunt ipsum odit
          </Text>
          <Text
            accessible={true}
            allowFontScaling={true}
            ellipsizeMode="tail"
            style={
              Object {
                "fontSize": 18,
                "textAlign": "center",
              }
            }
          >
            voluptatibus magni
          </Text>
          <Text
            accessible={true}
            allowFontScaling={true}
            ellipsizeMode="tail"
            style={
              Object {
                "fontSize": 18,
                "textAlign": "center",
              }
            }
          >
            libero temporibus.
          </Text>
        </View>
      </View>
    </View>
  </View>
</View>
`;
